[internet.org.tr/index.html]
[backblue.gif]
[fade.gif]
[index.html]
[internet.org.tr/favicon.ico]
[internet.org.tr/css/bootstrap.css]
[internet.org.tr/css/reset.css]
[internet.org.tr/css/style.css]
[internet.org.tr/css/animate.css]
[internet.org.tr/css/owl.carousel.css]
[internet.org.tr/css/magnific-popup.css]
[external.html]
[unpkg.com/leaflet@1.3.1/dist/leaflet.css]
[internet.org.tr/icon-fonts/font-awesome-4.5.0/css/font-awesome.min.css]
[internet.org.tr/icon-fonts/essential-regular-fonts/essential-icons.css]
[internet.org.tr/images/logo.png]
[internet.org.tr/images/internet-logo.png]
[internet.org.tr/images/slider-2.jpg]
[internet.org.tr/images/slider-3.jpg]
[internet.org.tr/images/slider-4.jpg]
[internet.org.tr/images/slider-5.jpg]
[internet.org.tr/images/25.png]
[internet.org.tr/images/dun-icon.png]
[internet.org.tr/images/bugun-icon02.png]
[internet.org.tr/images/yarin-icon.png]
[internet.org.tr/gallery/image/1989-7d1d01b48fd198a1.jpg]
[internet.org.tr/gallery/image/1992-10a516a16df9bbf3.jpg]
[internet.org.tr/gallery/image/1992-293acb5ab7532689.jpg]
[internet.org.tr/gallery/image/1992-29a9da64440e9db0.jpg]
[internet.org.tr/gallery/image/1989-7d1d01b48fd198a10f78.jpg]
[internet.org.tr/gallery/image/1992-10a516a16df9bbf30f78.jpg]
[internet.org.tr/gallery/image/1992-293acb5ab75326890f78.jpg]
[internet.org.tr/gallery/image/1992-2cb74cbf8a9f9996.jpg]
[internet.org.tr/gallery/image/1992-3fbadde068bf0ae1.jpg]
[internet.org.tr/gallery/image/1992-52bebda353b0de79.jpg]
[internet.org.tr/gallery/image/1992-29a9da64440e9db00f78.jpg]
[internet.org.tr/gallery/image/1992-5540e9dd7c8b98b0.jpg]
[internet.org.tr/gallery/image/1992-2cb74cbf8a9f99960f78.jpg]
[internet.org.tr/gallery/image/1992-80fe0723c6b94c2d.jpg]
[internet.org.tr/gallery/image/1992-3fbadde068bf0ae10f78.jpg]
[internet.org.tr/gallery/image/1992-861f714dc15b2eaa.jpg]
[internet.org.tr/gallery/image/1992-52bebda353b0de790f78.jpg]
[internet.org.tr/gallery/image/1992-86d6f56a2fab7f63.jpg]
[internet.org.tr/gallery/image/1992-5540e9dd7c8b98b00f78.jpg]
[internet.org.tr/gallery/image/1992-8afa684770a3bd06.jpg]
[internet.org.tr/gallery/image/1992-80fe0723c6b94c2d0f78.jpg]
[internet.org.tr/gallery/image/1992-926055d21d126e49.jpg]
[internet.org.tr/gallery/image/1992-861f714dc15b2eaa0f78.jpg]
[internet.org.tr/gallery/image/1992-95691181dc924d4a.jpg]
[internet.org.tr/gallery/image/1992-86d6f56a2fab7f630f78.jpg]
[internet.org.tr/gallery/image/1992-97850a60cb7f32a5.jpg]
[internet.org.tr/gallery/image/1992-8afa684770a3bd060f78.jpg]
[internet.org.tr/gallery/image/1992-926055d21d126e490f78.jpg]
[internet.org.tr/gallery/image/1992-9833f1cd515ab143.jpg]
[internet.org.tr/gallery/image/1992-95691181dc924d4a0f78.jpg]
[internet.org.tr/gallery/image/1992-9f9ff3eede23bc40.jpg]
[internet.org.tr/gallery/image/1992-9833f1cd515ab1430f78.jpg]
[internet.org.tr/gallery/image/1992-97850a60cb7f32a50f78.jpg]
[internet.org.tr/gallery/image/1992-a95a6d4350510894.jpg]
[internet.org.tr/gallery/image/1992-9f9ff3eede23bc400f78.jpg]
[internet.org.tr/gallery/image/1992-aee097b3fb826571.jpg]
[internet.org.tr/gallery/image/1992-a95a6d43505108940f78.jpg]
[internet.org.tr/gallery/image/1992-af18af0974ae1207.jpg]
[internet.org.tr/gallery/image/1992-aee097b3fb8265710f78.jpg]
[internet.org.tr/gallery/image/1992-ba7c73791048f6bc.jpg]
[internet.org.tr/gallery/image/1992-af18af0974ae12070f78.jpg]
[internet.org.tr/gallery/image/1992-d6e44c6eab6be2d6.jpg]
[internet.org.tr/gallery/image/1992-ba7c73791048f6bc0f78.jpg]
[internet.org.tr/gallery/image/1992-e07a2938dc380639.jpg]
[internet.org.tr/gallery/image/1992-d6e44c6eab6be2d60f78.jpg]
[internet.org.tr/gallery/image/1992-e4f2addef4b6ed9f.jpg]
[internet.org.tr/gallery/image/1992-e07a2938dc3806390f78.jpg]
[internet.org.tr/gallery/image/1992-f63d7d7c5aec4245.jpg]
[internet.org.tr/gallery/image/1992-e4f2addef4b6ed9f0f78.jpg]
[internet.org.tr/gallery/image/1993-127e2384903c3041.jpg]
[internet.org.tr/gallery/image/1992-f63d7d7c5aec42450f78.jpg]
[internet.org.tr/gallery/image/1993-3a019f2bff4256d8.jpg]
[internet.org.tr/gallery/image/1993-127e2384903c30410f78.jpg]
[internet.org.tr/gallery/image/1993-420757e0e4247b6d.jpg]
[internet.org.tr/gallery/image/1993-3a019f2bff4256d80f78.jpg]
[internet.org.tr/gallery/image/1993-4486720c3cf22893.jpg]
[internet.org.tr/gallery/image/1993-420757e0e4247b6d0f78.jpg]
[internet.org.tr/gallery/image/1993-65350192eada8ecd.jpg]
[internet.org.tr/gallery/image/1993-4486720c3cf228930f78.jpg]
[internet.org.tr/gallery/image/1993-773edd4d20cef49f.jpg]
[internet.org.tr/gallery/image/1993-65350192eada8ecd0f78.jpg]
[internet.org.tr/gallery/image/1993-904748d25e5573a6.jpg]
[internet.org.tr/gallery/image/1993-773edd4d20cef49f0f78.jpg]
[internet.org.tr/gallery/image/1993-acc478489ce379f4.jpg]
[internet.org.tr/gallery/image/1994-3bee4e81ee55dcdf.jpg]
[internet.org.tr/gallery/image/1993-904748d25e5573a60f78.jpg]
[internet.org.tr/gallery/image/1994-7271247cabd42b48.jpg]
[internet.org.tr/gallery/image/1993-acc478489ce379f40f78.jpg]
[internet.org.tr/gallery/image/1994-3bee4e81ee55dcdf0f78.jpg]
[internet.org.tr/gallery/image/1994-79927d8291f460b4.jpg]
[internet.org.tr/gallery/image/1994-aea9e4a30bd91729.jpg]
[internet.org.tr/gallery/image/1994-7271247cabd42b480f78.jpg]
[internet.org.tr/gallery/image/1994-79927d8291f460b40f78.jpg]
[internet.org.tr/gallery/image/1994-e32b0fd08a2ab864.jpg]
[internet.org.tr/gallery/image/1994-aea9e4a30bd917290f78.jpg]
[internet.org.tr/gallery/image/1994-ff49dc7e9c21106f.jpg]
[internet.org.tr/gallery/image/1994-e32b0fd08a2ab8640f78.jpg]
[internet.org.tr/gallery/image/1995-0d1d666c67a3793c.jpg]
[internet.org.tr/gallery/image/1995-c385eb55ad6bc491.jpg]
[internet.org.tr/gallery/image/1994-ff49dc7e9c21106f0f78.jpg]
[internet.org.tr/gallery/image/1995-0d1d666c67a3793c0f78.jpg]
[internet.org.tr/gallery/image/1995-c6f1fa508b3cd190.jpg]
[internet.org.tr/gallery/image/1995-c385eb55ad6bc4910f78.jpg]
[internet.org.tr/gallery/image/1995-cbdc9d63ba070101.jpg]
[internet.org.tr/gallery/image/1995-c6f1fa508b3cd1900f78.jpg]
[internet.org.tr/gallery/image/1996-16e97be03bf1624a.jpg]
[internet.org.tr/gallery/image/1995-cbdc9d63ba0701010f78.jpg]
[internet.org.tr/gallery/image/1996-f073cec759dde2da.jpg]
[internet.org.tr/gallery/image/1996-16e97be03bf1624a0f78.jpg]
[internet.org.tr/gallery/image/1999-70096d0c64b86cba.jpg]
[internet.org.tr/gallery/image/1996-f073cec759dde2da0f78.jpg]
[internet.org.tr/gallery/image/2000-7a8cfb33aa336775.jpg]
[internet.org.tr/gallery/image/1999-70096d0c64b86cba0f78.jpg]
[internet.org.tr/gallery/image/2004-1b59bd14eb0cf09b.jpg]
[internet.org.tr/gallery/image/2000-7a8cfb33aa3367750f78.jpg]
[internet.org.tr/gallery/docs/dokuman.pdf]
[internet.org.tr/gallery/docs/dokuman-2.pdf]
[internet.org.tr/gallery/image/2004-1b59bd14eb0cf09b0f78.jpg]
[internet.org.tr/gallery/docs/dokuman-3.pdf]
[internet.org.tr/gallery/docs/dokuman-4.pdf]
[internet.org.tr/gallery/docs/dokuman-5.pdf]
[internet.org.tr/gallery/docs/dokuman-6.pdf]
[internet.org.tr/gallery/docs/dokuman-7.pdf]
[internet.org.tr/gallery/docs/dokuman-8.pdf]
[internet.org.tr/gallery/docs/dokuman-9.pdf]
[internet.org.tr/gallery/docs/dokuman-10.pdf]
[internet.org.tr/gallery/docs/dokuman-11.pdf]
[internet.org.tr/gallery/docs/dokuman-12.pdf]
[internet.org.tr/gallery/docs/dokuman-13.pdf]
[internet.org.tr/gallery/docs/dokuman-14.pdf]
[internet.org.tr/gallery/docs/dokuman-15.pdf]
[internet.org.tr/gallery/docs/dokuman-16.pdf]
[internet.org.tr/gallery/docs/dokuman-17.pdf]
[internet.org.tr/gallery/docs/dokuman-18.pdf]
[internet.org.tr/gallery/docs/dokuman-19.pdf]
[internet.org.tr/gallery/docs/dokuman-20.pdf]
[internet.org.tr/gallery/docs/dokuman-21.pdf]
[internet.org.tr/gallery/docs/dokuman-22.pdf]
[internet.org.tr/gallery/docs/dokuman-23.pdf]
[internet.org.tr/gallery/docs/dokuman-24.pdf]
[internet.org.tr/gallery/docs/dokuman-25.pdf]
[internet.org.tr/gallery/docs/dokuman-26.pdf]
[internet.org.tr/gallery/docs/dokuman-27.pdf]
[internet.org.tr/gallery/docs/dokuman-28.pdf]
[internet.org.tr/gallery/docs/dokuman-29.pdf]
[internet.org.tr/gallery/docs/dokuman-30.pdf]
[internet.org.tr/gallery/docs/dokuman-31.pdf]
[internet.org.tr/gallery/docs/dokuman-32.pdf]
[internet.org.tr/gallery/docs/dokuman-33.pdf]
[internet.org.tr/gallery/docs/dokuman-34.pdf]
[internet.org.tr/gallery/docs/dokuman-35.pdf]
[internet.org.tr/gallery/docs/dokuman-36.pdf]
[internet.org.tr/gallery/docs/dokuman-37.pdf]
[internet.org.tr/gallery/docs/dokuman-38.pdf]
[internet.org.tr/gallery/docs/dokuman-39.pdf]
[internet.org.tr/gallery/docs/dokuman-40.pdf]
[internet.org.tr/gallery/docs/dokuman-41.pdf]
[internet.org.tr/gallery/docs/dokuman-42.pdf]
[internet.org.tr/gallery/docs/dokuman-43.pdf]
[internet.org.tr/gallery/docs/dokuman-44.pdf]
[internet.org.tr/gallery/docs/dokuman-45.pdf]
[internet.org.tr/gallery/docs/dokuman-46.pdf]
[internet.org.tr/gallery/docs/dokuman-47.pdf]
[internet.org.tr/gallery/docs/dokuman-48.pdf]
[internet.org.tr/gallery/docs/dokuman-49.pdf]
[internet.org.tr/gallery/docs/dokuman-50.pdf]
[internet.org.tr/gallery/docs/dokuman-51.pdf]
[internet.org.tr/gallery/docs/dokuman-52.pdf]
[internet.org.tr/gallery/docs/dokuman-53.pdf]
[internet.org.tr/gallery/docs/dokuman-54.pdf]
[internet.org.tr/gallery/docs/dokuman-55.pdf]
[internet.org.tr/gallery/docs/dokuman-56.pdf]
[internet.org.tr/gallery/docs/dokuman-57.pdf]
[internet.org.tr/gallery/docs/dokuman-58.pdf]
[internet.org.tr/gallery/docs/dokuman-59.pdf]
[internet.org.tr/gallery/docs/dokuman-60.pdf]
[internet.org.tr/gallery/docs/dokuman-61.pdf]
[internet.org.tr/gallery/docs/dokuman-62.pdf]
[internet.org.tr/gallery/docs/dokuman-63.pdf]
[internet.org.tr/gallery/docs/dokuman-64.pdf]
[internet.org.tr/gallery/docs/dokuman-65.pdf]
[internet.org.tr/gallery/docs/dokuman-66.pdf]
[internet.org.tr/gallery/docs/dokuman-67.pdf]
[internet.org.tr/gallery/docs/dokuman-68.pdf]
[internet.org.tr/gallery/docs/dokuman-69.pdf]
[internet.org.tr/gallery/docs/dokuman-70.pdf]
[internet.org.tr/gallery/docs/dokuman-71.pdf]
[internet.org.tr/gallery/docs/dokuman-72.pdf]
[internet.org.tr/gallery/docs/dokuman-73.pdf]
[internet.org.tr/gallery/docs/dokuman-74.pdf]
[internet.org.tr/gallery/docs/dokuman-75.pdf]
[internet.org.tr/gallery/docs/dokuman-76.pdf]
[internet.org.tr/gallery/docs/dokuman-77.pdf]
[internet.org.tr/gallery/docs/dokuman-78.pdf]
[internet.org.tr/gallery/docs/dokuman-79.pdf]
[internet.org.tr/gallery/docs/dokuman-80.pdf]
[internet.org.tr/gallery/docs/dokuman-81.pdf]
[internet.org.tr/gallery/docs/dokuman-82.pdf]
[internet.org.tr/gallery/docs/dokuman-83.pdf]
[internet.org.tr/gallery/docs/dokuman-84.pdf]
[internet.org.tr/gallery/docs/dokuman-85.pdf]
[internet.org.tr/gallery/docs/dokuman-86.pdf]
[internet.org.tr/gallery/docs/dokuman-87.pdf]
[internet.org.tr/gallery/docs/dokuman-88.pdf]
[internet.org.tr/gallery/docs/dokuman-89.pdf]
[internet.org.tr/gallery/docs/dokuman-90.pdf]
[internet.org.tr/gallery/docs/dokuman-91.pdf]
[internet.org.tr/gallery/docs/dokuman-92.pdf]
[internet.org.tr/gallery/docs/dokuman-93.pdf]
[internet.org.tr/gallery/docs/dokuman-94.pdf]
[internet.org.tr/gallery/docs/dokuman-95.pdf]
[internet.org.tr/gallery/docs/dokuman-96.pdf]
[internet.org.tr/gallery/docs/dokuman-97.pdf]
[internet.org.tr/material/poster.pdf]
[internet.org.tr/images/poster.jpg]
[internet.org.tr/material/logo.png]
[internet.org.tr/material/akgul.pdf]
[internet.org.tr/images/akgul.jpg]
[internet.org.tr/js/jquery-2.1.4.min.js]
[internet.org.tr/js/bootstrap.min.js]
[internet.org.tr/js/wow.min.js]
[internet.org.tr/js/isotope.pkgd.min.js]
[internet.org.tr/js/typed.js]
[internet.org.tr/js/jquery.magnific-popup.min.js]
[internet.org.tr/js/jquery.superslides.min.js]
[internet.org.tr/js/owl.carousel.min.js]
[unpkg.com/leaflet@1.3.1/dist/leaflet.js]
[internet.org.tr/js/main.js]
[internet.org.tr/index.html]
[internet.org.tr/favicon.html]
[internet.org.tr/fonts/glyphicons-halflings-regular.eot]
[internet.org.tr/fonts/glyphicons-halflings-regulard41d.eot]
[internet.org.tr/fonts/glyphicons-halflings-regular.woff2]
[internet.org.tr/fonts/glyphicons-halflings-regular.woff]
[internet.org.tr/fonts/glyphicons-halflings-regular.ttf]
[internet.org.tr/fonts/glyphicons-halflings-regular.svg]
[internet.org.tr/css/bootstrap.css]
[internet.org.tr/css/reset.css]
[internet.org.tr/images/home.jpg]
[internet.org.tr/images/home-2.jpg]
[internet.org.tr/css/style.css]
[internet.org.tr/css/animate.css]
[internet.org.tr/css/owl.carousel.css]
[internet.org.tr/css/magnific-popup.css]
[unpkg.com/leaflet@1.3.1/dist/images/layers.png]
[unpkg.com/leaflet@1.3.1/dist/images/layers-2x.png]
[unpkg.com/leaflet@1.3.1/dist/leaflet.css]
[unpkg.com/leaflet@1.3.1/dist/images/marker-icon.png]
[internet.org.tr/icon-fonts/font-awesome-4.5.0/fonts/fontawesome-webfont3295.eot]
[internet.org.tr/icon-fonts/font-awesome-4.5.0/fonts/fontawesome-webfontd41d.eot]
[internet.org.tr/icon-fonts/font-awesome-4.5.0/fonts/fontawesome-webfont3295.woff2]
[internet.org.tr/icon-fonts/font-awesome-4.5.0/fonts/fontawesome-webfont3295.woff]
[internet.org.tr/icon-fonts/font-awesome-4.5.0/fonts/fontawesome-webfont3295.ttf]
[internet.org.tr/icon-fonts/font-awesome-4.5.0/css/font-awesome.min.css]
[internet.org.tr/icon-fonts/essential-regular-fonts/essential-regular.eot]
[internet.org.tr/icon-fonts/essential-regular-fonts/essential-regulard41d.eot]
[internet.org.tr/icon-fonts/essential-regular-fonts/essential-regular.woff]
[internet.org.tr/icon-fonts/essential-regular-fonts/essential-regular.ttf]
[internet.org.tr/icon-fonts/essential-regular-fonts/essential-icons.css]
[internet.org.tr/fonts/glyphicons-halflings-regular.html]
[internet.org.tr/fonts/glyphicons-halflings-regulard41d.html]
[internet.org.tr/fonts/glyphicons-halflings-regular-2.html]
[internet.org.tr/fonts/glyphicons-halflings-regular-3.html]
[internet.org.tr/fonts/glyphicons-halflings-regular-4.html]
[internet.org.tr/fonts/glyphicons-halflings-regular-5.html]
[internet.org.tr/images/home.html]
[internet.org.tr/images/home-2.html]
[internet.org.tr/icon-fonts/font-awesome-4.5.0/fonts/fontawesome-webfont3295.svg]
[internet.org.tr/icon-fonts/essential-regular-fonts/essential-regular.svg]
